{
    "sarscov2 illumina paired-end [fastq] - stub": {
        "content": [
            {
                "0": [
                    [
                        {
                            "id": "test",
                            "single_end": false
                        },
                        [
                            "assembled_genes.fa.gz:md5,68b329da9893e34099c7d8ad5cb9c940",
                            "assembled_seqs.fa.gz:md5,68b329da9893e34099c7d8ad5cb9c940",
                            "assemblies.fa.gz:md5,68b329da9893e34099c7d8ad5cb9c940",
                            "debug.report.tsv:md5,d41d8cd98f00b204e9800998ecf8427e",
                            "report.tsv:md5,d41d8cd98f00b204e9800998ecf8427e",
                            "version_info.txt:md5,d41d8cd98f00b204e9800998ecf8427e"
                        ]
                    ]
                ],
                "1": [
                    [
                        "ARIBA_RUN",
                        "ariba",
                        "2.14.6"
                    ]
                ],
                "results": [
                    [
                        {
                            "id": "test",
                            "single_end": false
                        },
                        [
                            "assembled_genes.fa.gz:md5,68b329da9893e34099c7d8ad5cb9c940",
                            "assembled_seqs.fa.gz:md5,68b329da9893e34099c7d8ad5cb9c940",
                            "assemblies.fa.gz:md5,68b329da9893e34099c7d8ad5cb9c940",
                            "debug.report.tsv:md5,d41d8cd98f00b204e9800998ecf8427e",
                            "report.tsv:md5,d41d8cd98f00b204e9800998ecf8427e",
                            "version_info.txt:md5,d41d8cd98f00b204e9800998ecf8427e"
                        ]
                    ]
                ],
                "versions_ariba": [
                    [
                        "ARIBA_RUN",
                        "ariba",
                        "2.14.6"
                    ]
                ]
            }
        ],
        "timestamp": "2026-03-13T00:51:14.075508209",
        "meta": {
            "nf-test": "0.9.4",
            "nextflow": "25.10.4"
        }
    },
    "sarscov2 illumina  paired-end [fastq]": {
        "content": [
            "#ariba_ref_name\tref_name\tgene\tvar_only\tflag\treads\tcluster\tref_len\tref_base_assembled\tpc_ident\tctg\tctg_len\tctg_cov\tknown_var\tvar_type\tvar_seq_type\tknown_var_change\thas_known_var\tref_ctg_change\tref_ctg_effect\tref_start\tref_end\tref_nt\tctg_start\tctg_end\tctg_nt\tsmtls_total_depth\tsmtls_nts\tsmtls_nts_depth\tvar_description\tfree_text",
            "#ariba_ref_name\tref_name\tgene\tvar_only\tflag\treads\tcluster\tref_len\tref_base_assembled\tpc_ident\tctg\tctg_len\tctg_cov\tknown_var\tvar_type\tvar_seq_type\tknown_var_change\thas_known_var\tref_ctg_change\tref_ctg_effect\tref_start\tref_end\tref_nt\tctg_start\tctg_end\tctg_nt\tsmtls_total_depth\tsmtls_nts\tsmtls_nts_depth\tvar_description\tfree_text",
            "ARIBA run with this command:",
            [
                "assembled_genes.fa.gz",
                "assembled_seqs.fa.gz",
                "assemblies.fa.gz",
                "debug.report.tsv",
                "report.tsv",
                "version_info.txt"
            ],
            {
                "versions_ariba": [
                    [
                        "ARIBA_RUN",
                        "ariba",
                        "2.14.6"
                    ]
                ]
            }
        ],
        "timestamp": "2026-03-13T11:39:11.455752297",
        "meta": {
            "nf-test": "0.9.4",
            "nextflow": "25.10.4"
        }
    }
}